Microchip MPLAB XC8 Compiler V1.40 ()

Linker command line:

-W-3 --edf=C:\Program Files (x86)\Microchip\xc8\v1.40\dat\en_msgs.txt -cs \
  -h+dist/default/production\main_project.X.production.sym \
  --cmf=dist/default/production\main_project.X.production.cmf -z -Q18F4620 \
  -oC:\Users\teddy\AppData\Local\Temp\s3v0.2 \
  -Mdist/default/production/main_project.X.production.map -E1 -ver=XC8 \
  -ASTACK=0CDh-0f7fh -pstack=STACK -ACODE=00h-0FFFFh -ACONST=00h-0FFFFh \
  -ASMALLCONST=01000h-010FFhx240 -AMEDIUMCONST=01000h-0FFFFh \
  -ACOMRAM=01h-07Fh -AABS1=00h-0F7Fh -ABIGRAM=01h-0F7Fh \
  -ARAM=080h-0FFh,0100h-01FFhx14,0F00h-0F7Fh -ABANK0=080h-0FFh \
  -ABANK1=0100h-01FFh -ABANK2=0200h-02FFh -ABANK3=0300h-03FFh \
  -ABANK4=0400h-04FFh -ABANK5=0500h-05FFh -ABANK6=0600h-06FFh \
  -ABANK7=0700h-07FFh -ABANK8=0800h-08FFh -ABANK9=0900h-09FFh \
  -ABANK10=0A00h-0AFFh -ABANK11=0B00h-0BFFh -ABANK12=0C00h-0CFFh \
  -ABANK13=0D00h-0DFFh -ABANK14=0E00h-0EFFh -ABANK15=0F00h-0F7Fh \
  -ASFR=0F80h-0FFFh -preset_vec=00h,intcode=08h,intcodelo,powerup,init \
  -pramtop=01000h -psmallconst=SMALLCONST -pmediumconst=MEDIUMCONST \
  -pconst=CONST -AFARRAM=00h-00h -ACONFIG=0300000h-030000Dh -pconfig=CONFIG \
  -AIDLOC=0200000h-0200007h -pidloc=IDLOC -AEEDATA=0F00000h-0F003FFh \
  -peeprom_data=EEDATA \
  -prdata=COMRAM,nvrram=COMRAM,nvbit=COMRAM,rbss=COMRAM,rbit=COMRAM \
  -pfarbss=FARRAM,fardata=FARRAM,nvFARRAM=FARRAM \
  -pintsave_regs=BIGRAM,bigbss=BIGRAM,bigdata=BIGRAM -pbss=RAM \
  -pidata=CODE,irdata=CODE,ibigdata=CODE,ifardata=CODE -prparam=COMRAM \
  C:\Users\teddy\AppData\Local\Temp\s3v0.obj \
  dist/default/production\main_project.X.production.obj 

Object code version is 3.11

Machine type is 18F4620

Call graph: (short form)




                Name                               Link     Load   Length Selector   Space Scale
C:\Users\teddy\AppData\Local\Temp\s3v0.obj
                init                                  E        E        4        4       0
                reset_vec                             0        0        4        0       0
                idloc                            200000   200000        8   200000       0
                config                           300000   300000        E   300000       0
dist/default/production\main_project.X.production.obj
                intcode                               8        8        6        4       0
                temp                                 4F       4F        1        1       1
                mediumconst                        FE1E     FE1E      1E2     7F0F       0
                text40                             1DD2     1DD2       12        4       0
                text39                             1D30     1D30       26        4       0
                text38                             1E40     1E40        8        4       0
                text37                             1E38     1E38        8        4       0
                text36                             1E1E     1E1E        A        4       0
                text35                             1B6E     1B6E       4E        4       0
                text34                             1E08     1E08        C        4       0
                text33                             1ACE     1ACE       52        4       0
                text32                             1C44     1C44       42        4       0
                text31                             1D0A     1D0A       26        4       0
                text30                             1D74     1D74       1E        4       0
                text29                             1DFC     1DFC        C        4       0
                text28                              C90      C90      30C        4       0
                text27                             183C     183C       84        4       0
                text26                             19B2     19B2       70        4       0
                text25                             16AA     16AA      10E        4       0
                text24                             159C     159C      10E        4       0
                intcode_body                        F9C      F9C      2A2        4       0
                text22                             18C0     18C0       82        4       0
                text21                             1A22     1A22       5A        4       0
                text20                             1DC0     1DC0       12        4       0
                text19                             1CE4     1CE4       26        4       0
                text18                             1E30     1E30        8        4       0
                text17                             1E28     1E28        8        4       0
                text16                             1E14     1E14        A        4       0
                text15                             1B20     1B20       4E        4       0
                text14                             1DF0     1DF0        C        4       0
                text13                             1BBC     1BBC       46        4       0
                text12                             17B8     17B8       84        4       0
                text11                             1942     1942       70        4       0
                text10                             148E     148E      10E        4       0
                text9                              1A7C     1A7C       52        4       0
                text8                              1C02     1C02       42        4       0
                text7                              1CBE     1CBE       26        4       0
                text6                              1D56     1D56       1E        4       0
                text5                              1DE4     1DE4        C        4       0
                text4                               8EC      8EC      3A4        4       0
                text3                              1DAC     1DAC       14        4       0
                text2                              123E     123E      250        4       0
                text1                              1D92     1D92       1A        4       0
                text0                                12       12      8DA        4       0
                cstackCOMRAM                          1        1       46        1       1
                cstackBANK0                          AB       AB       21       80       1
                dataBANK0                            CC       CC        1       80       1
                bssBANK0                             80       80       2B       80       1
                bssCOMRAM                            47       47        8        1       1
                cinit                              1C86     1C86       38        4       0
                idataBANK0                         1E48     1E48        1        4       0

TOTAL           Name                               Link     Load   Length     Space
        CLASS   STACK          

        CLASS   CODE           
                intcode                               8        8        6         0
                init                                  E        E        4         0
                reset_vec                             0        0        4         0
                text40                             1DD2     1DD2       12         0
                text39                             1D30     1D30       26         0
                text38                             1E40     1E40        8         0
                text37                             1E38     1E38        8         0
                text36                             1E1E     1E1E        A         0
                text35                             1B6E     1B6E       4E         0
                text34                             1E08     1E08        C         0
                text33                             1ACE     1ACE       52         0
                text32                             1C44     1C44       42         0
                text31                             1D0A     1D0A       26         0
                text30                             1D74     1D74       1E         0
                text29                             1DFC     1DFC        C         0
                text28                              C90      C90      30C         0
                text27                             183C     183C       84         0
                text26                             19B2     19B2       70         0
                text25                             16AA     16AA      10E         0
                text24                             159C     159C      10E         0
                intcode_body                        F9C      F9C      2A2         0
                text22                             18C0     18C0       82         0
                text21                             1A22     1A22       5A         0
                text20                             1DC0     1DC0       12         0
                text19                             1CE4     1CE4       26         0
                text18                             1E30     1E30        8         0
                text17                             1E28     1E28        8         0
                text16                             1E14     1E14        A         0
                text15                             1B20     1B20       4E         0
                text14                             1DF0     1DF0        C         0
                text13                             1BBC     1BBC       46         0
                text12                             17B8     17B8       84         0
                text11                             1942     1942       70         0
                text10                             148E     148E      10E         0
                text9                              1A7C     1A7C       52         0
                text8                              1C02     1C02       42         0
                text7                              1CBE     1CBE       26         0
                text6                              1D56     1D56       1E         0
                text5                              1DE4     1DE4        C         0
                text4                               8EC      8EC      3A4         0
                text3                              1DAC     1DAC       14         0
                text2                              123E     123E      250         0
                text1                              1D92     1D92       1A         0
                text0                                12       12      8DA         0
                cinit                              1C86     1C86       38         0
                idataBANK0                         1E48     1E48        1         0

        CLASS   CONST          

        CLASS   SMALLCONST     

        CLASS   MEDIUMCONST    
                mediumconst                        FE1E     FE1E      1E2         0

        CLASS   COMRAM         
                temp                                 4F       4F        1         1
                cstackCOMRAM                          1        1       46         1
                bssCOMRAM                            47       47        8         1

        CLASS   ABS1           

        CLASS   BIGRAM         

        CLASS   RAM            

        CLASS   BANK0          
                cstackBANK0                          AB       AB       21         1
                dataBANK0                            CC       CC        1         1
                bssBANK0                             80       80       2B         1

        CLASS   BANK1          

        CLASS   BANK2          

        CLASS   BANK3          

        CLASS   BANK4          

        CLASS   BANK5          

        CLASS   BANK6          

        CLASS   BANK7          

        CLASS   BANK8          

        CLASS   BANK9          

        CLASS   BANK10         

        CLASS   BANK11         

        CLASS   BANK12         

        CLASS   BANK13         

        CLASS   BANK14         

        CLASS   BANK15         

        CLASS   SFR            

        CLASS   FARRAM         

        CLASS   CONFIG         
                config                           300000   300000        E         0

        CLASS   IDLOC          
                idloc                            200000   200000        8         0

        CLASS   EEDATA         



SEGMENTS        Name                           Load    Length   Top    Selector   Space  Class

                reset_vec                      000000  000004  000004         0       0  CODE    
                cstackCOMRAM                   000001  00004F  000050         1       1  COMRAM  
                intcode                        000008  001E41  001E49         4       0  CODE    
                bssBANK0                       000080  00004D  0000CD        80       1  BANK0   
                mediumconst                    00FE1E  0001E2  010000      7F0F       0  MEDIUMCO
                idloc                          200000  000008  200008    200000       0  IDLOC   
                config                         300000  00000E  30000E    300000       0  CONFIG  


UNUSED ADDRESS RANGES

        Name                Unused          Largest block    Delta
        BANK0            0000CD-0000FF               33
        BANK1            000100-0001FF              100
        BANK10           000A00-000AFF              100
        BANK11           000B00-000BFF              100
        BANK12           000C00-000CFF              100
        BANK13           000D00-000DFF              100
        BANK14           000E00-000EFF              100
        BANK15           000F00-000F7F               80
        BANK2            000200-0002FF              100
        BANK3            000300-0003FF              100
        BANK4            000400-0004FF              100
        BANK5            000500-0005FF              100
        BANK6            000600-0006FF              100
        BANK7            000700-0007FF              100
        BANK8            000800-0008FF              100
        BANK9            000900-0009FF              100
        BIGRAM           000050-00007F               30
                         0000CD-000F7F              EB3
        CODE             000004-000007                4
                         001E49-00FE1D             DFD5
        COMRAM           000050-00007F               30
        CONST            000004-000007                4
                         001E49-00FE1D             DFD5
        EEDATA           F00000-F003FF              400
        MEDIUMCONST      001E49-00FE1D             DFD5
        RAM              0000CD-000F7F              100
        SFR              000F80-000FFF               80
        SMALLCONST       001E49-00FE1D              100
        STACK            0000CD-000F7F              EB3

                                  Symbol Table

?___awdiv                    cstackCOMRAM 000031
?___awmod                    cstackCOMRAM 000031
?___lldiv                    cstackCOMRAM 000031
?___lwdiv                    cstackCOMRAM 000031
?___lwmod                    cstackCOMRAM 000038
?___wmul                     cstackCOMRAM 000031
?_printf                     cstackCOMRAM 00003D
?i2___awdiv                  cstackCOMRAM 000001
?i2___awmod                  cstackCOMRAM 000001
?i2___lwdiv                  cstackCOMRAM 000001
?i2___lwmod                  cstackCOMRAM 000008
?i2___wmul                   cstackCOMRAM 000001
?i2_printf                   cstackCOMRAM 00000D
I2C_Master_Init@c            cstackCOMRAM 00003E
I2C_Master_Read@a            cstackCOMRAM 000032
I2C_Master_Read@temp         cstackCOMRAM 000033
I2C_Master_Write@d           cstackCOMRAM 000032
ISR@keypress                 cstackCOMRAM 000030
_ACKDT                       (abs)        007E2D
_ACKEN                       (abs)        007E2C
_ADCON0                      (abs)        000FC2
_ADCON0bits                  (abs)        000FC2
_ADCON1                      (abs)        000FC1
_ADCON2                      (abs)        000FC0
_ADRES                       (abs)        000FC3
_GIE                         (abs)        007F97
_I2C_Master_Init             text21       001A22
_I2C_Master_Read             text19       001CE4
_I2C_Master_Start            text18       001E30
_I2C_Master_Stop             text17       001E28
_I2C_Master_Wait             text20       001DC0
_I2C_Master_Write            text16       001E14
_INT1IE                      (abs)        007F83
_INT1IF                      (abs)        007F80
_INTCONbits                  (abs)        000FF2
_ISR                         intcode      000008
_LATA                        (abs)        000F89
_LATAbits                    (abs)        000F89
_LATB                        (abs)        000F8A
_LATBbits                    (abs)        000F8A
_LATC                        (abs)        000F8B
_LATCbits                    (abs)        000F8B
_LATD                        (abs)        000F8C
_LATDbits                    (abs)        000F8C
_LATE                        (abs)        000F8D
_LATEbits                    (abs)        000F8D
_PEIE                        (abs)        007F96
_PEN                         (abs)        007E2A
_PORTB                       (abs)        000F81
_RCEN                        (abs)        007E2B
_SEN                         (abs)        007E28
_SSPADD                      (abs)        000FC8
_SSPBUF                      (abs)        000FC9
_SSPCON1                     (abs)        000FC6
_SSPCON2                     (abs)        000FC5
_SSPSTAT                     (abs)        000FC7
_T0CON                       (abs)        000FD5
_T0CONbits                   (abs)        000FD5
_T1CON                       (abs)        000FCD
_T1CONbits                   (abs)        000FCD
_TMR0                        (abs)        000FD6
_TMR0IE                      (abs)        007F95
_TMR0IF                      (abs)        007F92
_TMR1                        (abs)        000FCE
_TMR1IE                      (abs)        007CE8
_TMR1IF                      (abs)        007CF0
_TRISA                       (abs)        000F92
_TRISB                       (abs)        000F93
_TRISC                       (abs)        000F94
_TRISC3                      (abs)        007CA3
_TRISC4                      (abs)        007CA4
_TRISD                       (abs)        000F95
_TRISE                       (abs)        000F96
__CFG_BOREN$SBORDIS          (abs)        000000
__CFG_BORV$3                 (abs)        000000
__CFG_CCP2MX$PORTC           (abs)        000000
__CFG_CP0$OFF                (abs)        000000
__CFG_CP1$OFF                (abs)        000000
__CFG_CP2$OFF                (abs)        000000
__CFG_CP3$OFF                (abs)        000000
__CFG_CPB$OFF                (abs)        000000
__CFG_CPD$OFF                (abs)        000000
__CFG_EBTR0$OFF              (abs)        000000
__CFG_EBTR1$OFF              (abs)        000000
__CFG_EBTR2$OFF              (abs)        000000
__CFG_EBTR3$OFF              (abs)        000000
__CFG_EBTRB$OFF              (abs)        000000
__CFG_FCMEN$OFF              (abs)        000000
__CFG_IESO$OFF               (abs)        000000
__CFG_LPT1OSC$OFF            (abs)        000000
__CFG_LVP$OFF                (abs)        000000
__CFG_MCLRE$ON               (abs)        000000
__CFG_OSC$HS                 (abs)        000000
__CFG_PBADEN$ON              (abs)        000000
__CFG_PWRT$OFF               (abs)        000000
__CFG_STVREN$ON              (abs)        000000
__CFG_WDT$OFF                (abs)        000000
__CFG_WDTPS$32768            (abs)        000000
__CFG_WRT0$OFF               (abs)        000000
__CFG_WRT1$OFF               (abs)        000000
__CFG_WRT2$OFF               (abs)        000000
__CFG_WRT3$OFF               (abs)        000000
__CFG_WRTB$OFF               (abs)        000000
__CFG_WRTC$OFF               (abs)        000000
__CFG_WRTD$OFF               (abs)        000000
__CFG_XINST$OFF              (abs)        000000
__HRAM                       (abs)        000000
__Habs1                      abs1         000000
__Hbank0                     bank0        000000
__Hbank1                     bank1        000000
__Hbank10                    bank10       000000
__Hbank11                    bank11       000000
__Hbank12                    bank12       000000
__Hbank13                    bank13       000000
__Hbank14                    bank14       000000
__Hbank15                    bank15       000000
__Hbank2                     bank2        000000
__Hbank3                     bank3        000000
__Hbank4                     bank4        000000
__Hbank5                     bank5        000000
__Hbank6                     bank6        000000
__Hbank7                     bank7        000000
__Hbank8                     bank8        000000
__Hbank9                     bank9        000000
__Hbigbss                    bigbss       000000
__Hbigdata                   bigdata      000000
__Hbigram                    bigram       000000
__Hbss                       bss          000000
__HbssBANK0                  bssBANK0     000000
__HbssCOMRAM                 bssCOMRAM    000000
__Hcinit                     cinit        000000
__Hclrtext                   clrtext      000000
__Hcomram                    comram       000000
__Hconfig                    config       30000E
__Hconst                     const        000000
__HcstackBANK0               cstackBANK0  000000
__HcstackCOMRAM              cstackCOMRAM 000000
__Hdata                      data         000000
__HdataBANK0                 dataBANK0    000000
__Heeprom_data               eeprom_data  000000
__Hfarbss                    farbss       000000
__Hfardata                   fardata      000000
__Hibigdata                  ibigdata     000000
__Hidata                     idata        000000
__HidataBANK0                idataBANK0   000000
__Hidloc                     idloc        200008
__Hifardata                  ifardata     000000
__Hinit                      init         000012
__Hintcode                   intcode      00000E
__Hintcode_body              intcode_body 000000
__Hintcodelo                 intcodelo    00000E
__Hintentry                  intentry     000000
__Hintret                    intret       000000
__Hintsave_regs              intsave_regs 000000
__Hirdata                    irdata       000000
__Hmediumconst               mediumconst  010000
__HnvFARRAM                  nvFARRAM     000000
__Hnvbit                     nvbit        000000
__Hnvrram                    nvrram       000000
__Hparam                     rparam       000000
__Hpowerup                   powerup      00000E
__Hram                       ram          000000
__Hramtop                    ramtop       001000
__Hrbit                      rbit         000000
__Hrbss                      rbss         000000
__Hrdata                     rdata        000000
__Hreset_vec                 reset_vec    000004
__Hrparam                    rparam       000000
__Hsfr                       sfr          000000
__Hsmallconst                smallconst   000000
__Hspace_0                   (abs)        30000E
__Hspace_1                   (abs)        0000CD
__Hspace_2                   (abs)        000000
__Hstack                     stack        000000
__Hstruct                    struct       000000
__Htemp                      temp         000050
__Htext                      text         000000
__Htext0                     text0        000000
__Htext1                     text1        000000
__Htext10                    text10       000000
__Htext11                    text11       000000
__Htext12                    text12       000000
__Htext13                    text13       000000
__Htext14                    text14       000000
__Htext15                    text15       000000
__Htext16                    text16       000000
__Htext17                    text17       000000
__Htext18                    text18       000000
__Htext19                    text19       000000
__Htext2                     text2        000000
__Htext20                    text20       000000
__Htext21                    text21       000000
__Htext22                    text22       000000
__Htext24                    text24       000000
__Htext25                    text25       000000
__Htext26                    text26       000000
__Htext27                    text27       000000
__Htext28                    text28       000000
__Htext29                    text29       000000
__Htext3                     text3        000000
__Htext30                    text30       000000
__Htext31                    text31       000000
__Htext32                    text32       000000
__Htext33                    text33       000000
__Htext34                    text34       000000
__Htext35                    text35       000000
__Htext36                    text36       000000
__Htext37                    text37       000000
__Htext38                    text38       000000
__Htext39                    text39       000000
__Htext4                     text4        000000
__Htext40                    text40       000000
__Htext5                     text5        000000
__Htext6                     text6        000000
__Htext7                     text7        000000
__Htext8                     text8        000000
__Htext9                     text9        000000
__LRAM                       (abs)        000001
__Labs1                      abs1         000000
__Lbank0                     bank0        000000
__Lbank1                     bank1        000000
__Lbank10                    bank10       000000
__Lbank11                    bank11       000000
__Lbank12                    bank12       000000
__Lbank13                    bank13       000000
__Lbank14                    bank14       000000
__Lbank15                    bank15       000000
__Lbank2                     bank2        000000
__Lbank3                     bank3        000000
__Lbank4                     bank4        000000
__Lbank5                     bank5        000000
__Lbank6                     bank6        000000
__Lbank7                     bank7        000000
__Lbank8                     bank8        000000
__Lbank9                     bank9        000000
__Lbigbss                    bigbss       000000
__Lbigdata                   bigdata      000000
__Lbigram                    bigram       000000
__Lbss                       bss          000000
__LbssBANK0                  bssBANK0     000000
__LbssCOMRAM                 bssCOMRAM    000000
__Lcinit                     cinit        000000
__Lclrtext                   clrtext      000000
__Lcomram                    comram       000000
__Lconfig                    config       300000
__Lconst                     const        000000
__LcstackBANK0               cstackBANK0  000000
__LcstackCOMRAM              cstackCOMRAM 000000
__Ldata                      data         000000
__LdataBANK0                 dataBANK0    000000
__Leeprom_data               eeprom_data  000000
__Lfarbss                    farbss       000000
__Lfardata                   fardata      000000
__Libigdata                  ibigdata     000000
__Lidata                     idata        000000
__LidataBANK0                idataBANK0   000000
__Lidloc                     idloc        200000
__Lifardata                  ifardata     000000
__Linit                      init         00000E
__Lintcode                   intcode      000008
__Lintcode_body              intcode_body 000000
__Lintcodelo                 intcodelo    00000E
__Lintentry                  intentry     000000
__Lintret                    intret       000000
__Lintsave_regs              intsave_regs 000000
__Lirdata                    irdata       000000
__Lmediumconst               mediumconst  00FE1E
__LnvFARRAM                  nvFARRAM     000000
__Lnvbit                     nvbit        000000
__Lnvrram                    nvrram       000000
__Lparam                     rparam       000000
__Lpowerup                   powerup      00000E
__Lram                       ram          000000
__Lramtop                    ramtop       001000
__Lrbit                      rbit         000000
__Lrbss                      rbss         000000
__Lrdata                     rdata        000000
__Lreset_vec                 reset_vec    000000
__Lrparam                    rparam       000000
__Lsfr                       sfr          000000
__Lsmallconst                smallconst   000000
__Lspace_0                   (abs)        000000
__Lspace_1                   (abs)        000000
__Lspace_2                   (abs)        000000
__Lstack                     stack        000000
__Lstruct                    struct       000000
__Ltemp                      temp         00004F
__Ltext                      text         000000
__Ltext0                     text0        000000
__Ltext1                     text1        000000
__Ltext10                    text10       000000
__Ltext11                    text11       000000
__Ltext12                    text12       000000
__Ltext13                    text13       000000
__Ltext14                    text14       000000
__Ltext15                    text15       000000
__Ltext16                    text16       000000
__Ltext17                    text17       000000
__Ltext18                    text18       000000
__Ltext19                    text19       000000
__Ltext2                     text2        000000
__Ltext20                    text20       000000
__Ltext21                    text21       000000
__Ltext22                    text22       000000
__Ltext24                    text24       000000
__Ltext25                    text25       000000
__Ltext26                    text26       000000
__Ltext27                    text27       000000
__Ltext28                    text28       000000
__Ltext29                    text29       000000
__Ltext3                     text3        000000
__Ltext30                    text30       000000
__Ltext31                    text31       000000
__Ltext32                    text32       000000
__Ltext33                    text33       000000
__Ltext34                    text34       000000
__Ltext35                    text35       000000
__Ltext36                    text36       000000
__Ltext37                    text37       000000
__Ltext38                    text38       000000
__Ltext39                    text39       000000
__Ltext4                     text4        000000
__Ltext40                    text40       000000
__Ltext5                     text5        000000
__Ltext6                     text6        000000
__Ltext7                     text7        000000
__Ltext8                     text8        000000
__Ltext9                     text9        000000
__S0                         (abs)        30000E
__S1                         (abs)        0000CD
__S2                         (abs)        000000
___awdiv                     text12       0017B8
___awdiv@counter             cstackCOMRAM 000035
___awdiv@dividend            cstackCOMRAM 000031
___awdiv@divisor             cstackCOMRAM 000033
___awdiv@quotient            cstackCOMRAM 000037
___awdiv@sign                cstackCOMRAM 000036
___awmod                     text11       001942
___awmod@counter             cstackCOMRAM 000035
___awmod@dividend            cstackCOMRAM 000031
___awmod@divisor             cstackCOMRAM 000033
___awmod@sign                cstackCOMRAM 000036
___inthi_sp                  stack        000000
___intlo_sp                  stack        000000
___lldiv                     text22       0018C0
___lldiv@counter             cstackCOMRAM 00003D
___lldiv@dividend            cstackCOMRAM 000031
___lldiv@divisor             cstackCOMRAM 000035
___lldiv@quotient            cstackCOMRAM 000039
___lwdiv                     text9        001A7C
___lwdiv@counter             cstackCOMRAM 000037
___lwdiv@dividend            cstackCOMRAM 000031
___lwdiv@divisor             cstackCOMRAM 000033
___lwdiv@quotient            cstackCOMRAM 000035
___lwmod                     text8        001C02
___lwmod@counter             cstackCOMRAM 00003C
___lwmod@dividend            cstackCOMRAM 000038
___lwmod@divisor             cstackCOMRAM 00003A
___param_bank                (abs)        000000
___rparam_used               (abs)        000001
___sp                        stack        000000
___wmul                      text7        001CBE
___wmul@multiplicand         cstackCOMRAM 000033
___wmul@multiplier           cstackCOMRAM 000031
___wmul@product              cstackCOMRAM 000035
__accesstop                  (abs)        000080
__activetblptr               (abs)        000002
__end_of_I2C_Master_Init     text21       001A7C
__end_of_I2C_Master_Read     text19       001D0A
__end_of_I2C_Master_Start    text18       001E38
__end_of_I2C_Master_Stop     text17       001E30
__end_of_I2C_Master_Wait     text20       001DD2
__end_of_I2C_Master_Write    text16       001E1E
__end_of_ISR                 intcode_body 00123E
__end_of___awdiv             text12       00183C
__end_of___awmod             text11       0019B2
__end_of___lldiv             text22       001942
__end_of___lwdiv             text9        001ACE
__end_of___lwmod             text8        001C44
__end_of___wmul              text7        001CE4
__end_of__initialization     cinit        001CB0
__end_of_dpowers             mediumconst  00FE3A
__end_of_hexpowers           mediumconst  00FE42
__end_of_initLCD             text13       001C02
__end_of_isdigit             text6        001D74
__end_of_keypressed          text24       0016AA
__end_of_keys                mediumconst  00FE30
__end_of_lcdInst             text14       001DFC
__end_of_lcdNibble           text15       001B6E
__end_of_main                text0        0008EC
__end_of_printf              text4        000C90
__end_of_putch               text5        001DF0
__end_of_readADC             text3        001DC0
__end_of_stopOperation       text10       00159C
__end_of_testBatteries       text2        00148E
__end_of_wait_2ms            text1        001DAC
__end_ofi2_I2C_Master_Read   text39       001D56
__end_ofi2_I2C_Master_Start  text38       001E48
__end_ofi2_I2C_Master_Stop   text37       001E40
__end_ofi2_I2C_Master_Wait   text40       001DE4
__end_ofi2_I2C_Master_Write  text36       001E28
__end_ofi2___awdiv           text27       0018C0
__end_ofi2___awmod           text26       001A22
__end_ofi2___lwdiv           text33       001B20
__end_ofi2___lwmod           text32       001C86
__end_ofi2___wmul            text31       001D30
__end_ofi2_isdigit           text30       001D92
__end_ofi2_lcdInst           text34       001E14
__end_ofi2_lcdNibble         text35       001BBC
__end_ofi2_printf            text28       000F9C
__end_ofi2_putch             text29       001E08
__end_ofi2_stopOperation     text25       0017B8
__initialization             cinit        001C86
__mediumconst                mediumconst  00FE1E
__pbssBANK0                  bssBANK0     000080
__pbssCOMRAM                 bssCOMRAM    000047
__pcinit                     cinit        001C86
__pcstackBANK0               cstackBANK0  0000AB
__pcstackCOMRAM              cstackCOMRAM 000001
__pdataBANK0                 dataBANK0    0000CC
__pidataBANK0                idataBANK0   001E48
__pintcode                   intcode      000008
__pintcode_body              intcode_body 000F9C
__pmediumconst               mediumconst  00FE1E
__ptext0                     text0        000012
__ptext1                     text1        001D92
__ptext10                    text10       00148E
__ptext11                    text11       001942
__ptext12                    text12       0017B8
__ptext13                    text13       001BBC
__ptext14                    text14       001DF0
__ptext15                    text15       001B20
__ptext16                    text16       001E14
__ptext17                    text17       001E28
__ptext18                    text18       001E30
__ptext19                    text19       001CE4
__ptext2                     text2        00123E
__ptext20                    text20       001DC0
__ptext21                    text21       001A22
__ptext22                    text22       0018C0
__ptext24                    text24       00159C
__ptext25                    text25       0016AA
__ptext26                    text26       0019B2
__ptext27                    text27       00183C
__ptext28                    text28       000C90
__ptext29                    text29       001DFC
__ptext3                     text3        001DAC
__ptext30                    text30       001D74
__ptext31                    text31       001D0A
__ptext32                    text32       001C44
__ptext33                    text33       001ACE
__ptext34                    text34       001E08
__ptext35                    text35       001B6E
__ptext36                    text36       001E1E
__ptext37                    text37       001E38
__ptext38                    text38       001E40
__ptext39                    text39       001D30
__ptext4                     text4        0008EC
__ptext40                    text40       001DD2
__ptext5                     text5        001DE4
__ptext6                     text6        001D56
__ptext7                     text7        001CBE
__ptext8                     text8        001C02
__ptext9                     text9        001A7C
__ramtop                     ramtop       001000
__size_of_I2C_Master_Init    (abs)        000000
__size_of_I2C_Master_Read    (abs)        000000
__size_of_I2C_Master_Start   (abs)        000000
__size_of_I2C_Master_Stop    (abs)        000000
__size_of_I2C_Master_Wait    (abs)        000000
__size_of_I2C_Master_Write   (abs)        000000
__size_of_ISR                (abs)        000000
__size_of___awdiv            (abs)        000000
__size_of___awmod            (abs)        000000
__size_of___lldiv            (abs)        000000
__size_of___lwdiv            (abs)        000000
__size_of___lwmod            (abs)        000000
__size_of___wmul             (abs)        000000
__size_of_initLCD            (abs)        000000
__size_of_isdigit            (abs)        000000
__size_of_keypressed         (abs)        000000
__size_of_lcdInst            (abs)        000000
__size_of_lcdNibble          (abs)        000000
__size_of_main               (abs)        000000
__size_of_printf             (abs)        000000
__size_of_putch              (abs)        000000
__size_of_readADC            (abs)        000000
__size_of_stopOperation      (abs)        000000
__size_of_testBatteries      (abs)        000000
__size_of_wait_2ms           (abs)        000000
__size_ofi2_I2C_Master_Read  (abs)        000000
__size_ofi2_I2C_Master_Start (abs)        000000
__size_ofi2_I2C_Master_Stop  (abs)        000000
__size_ofi2_I2C_Master_Wait  (abs)        000000
__size_ofi2_I2C_Master_Write (abs)        000000
__size_ofi2___awdiv          (abs)        000000
__size_ofi2___awmod          (abs)        000000
__size_ofi2___lwdiv          (abs)        000000
__size_ofi2___lwmod          (abs)        000000
__size_ofi2___wmul           (abs)        000000
__size_ofi2_isdigit          (abs)        000000
__size_ofi2_lcdInst          (abs)        000000
__size_ofi2_lcdNibble        (abs)        000000
__size_ofi2_printf           (abs)        000000
__size_ofi2_putch            (abs)        000000
__size_ofi2_stopOperation    (abs)        000000
__smallconst                 smallconst   000000
_count9V                     bssBANK0     00009E
_countAA                     bssBANK0     00009F
_countC                      bssBANK0     0000A0
_countDrain                  bssBANK0     0000A1
_count_2ms                   bssCOMRAM    000047
_doneTimer                   bssCOMRAM    000049
_doubleAA                    bssBANK0     0000A2
_dpowers                     mediumconst  00FE30
_hexpowers                   mediumconst  00FE3A
_initLCD                     text13       001BBC
_isdigit                     text6        001D56
_isdigit$944                 cstackCOMRAM 000032
_keypressed                  text24       00159C
_keys                        mediumconst  00FE1F
_lastRunRTC                  bssBANK0     000080
_lcdInst                     text14       001DF0
_lcdNibble                   text15       001B20
_main                        text0        000012
_min                         bssBANK0     0000A3
_nRBPU                       (abs)        007F8F
_num9V                       bssBANK0     0000A4
_numAA                       bssBANK0     0000A5
_numBats                     bssBANK0     0000A6
_numC                        bssBANK0     0000A7
_numDrain                    bssBANK0     0000A8
_opTimer                     bssCOMRAM    00004A
_plat1Left                   bssBANK0     00008E
_plat1Right                  bssBANK0     000090
_plat2Left                   bssBANK0     000092
_plat2Right                  bssBANK0     000094
_printf                      text4        0008EC
_putch                       text5        001DE4
_readADC                     text3        001DAC
_realTime                    bssBANK0     000087
_screenMode                  dataBANK0    0000CC
_sec                         bssBANK0     0000A9
_solOnTimer                  bssCOMRAM    00004B
_sorting                     bssCOMRAM    00004C
_startGear                   bssBANK0     0000AA
_step1                       bssCOMRAM    00004D
_step2                       bssCOMRAM    00004E
_stopOperation               text10       00148E
_testBatteries               text2        00123E
_turn1BackLeft               bssBANK0     000096
_turn1BackRight              bssBANK0     000098
_turn2BackLeft               bssBANK0     00009A
_turn2BackRight              bssBANK0     00009C
_wait_2ms                    text1        001D92
btemp                        temp         00004F
end_of_initialization        cinit        001CB0
i2I2C_Master_Read@a          cstackCOMRAM 000002
i2I2C_Master_Read@temp       cstackCOMRAM 000003
i2I2C_Master_Write@d         cstackCOMRAM 000002
i2_I2C_Master_Read           text39       001D30
i2_I2C_Master_Start          text38       001E40
i2_I2C_Master_Stop           text37       001E38
i2_I2C_Master_Wait           text40       001DD2
i2_I2C_Master_Write          text36       001E1E
i2___awdiv                   text27       00183C
i2___awdiv@counter           cstackCOMRAM 000005
i2___awdiv@dividend          cstackCOMRAM 000001
i2___awdiv@divisor           cstackCOMRAM 000003
i2___awdiv@quotient          cstackCOMRAM 000007
i2___awdiv@sign              cstackCOMRAM 000006
i2___awmod                   text26       0019B2
i2___awmod@counter           cstackCOMRAM 000005
i2___awmod@dividend          cstackCOMRAM 000001
i2___awmod@divisor           cstackCOMRAM 000003
i2___awmod@sign              cstackCOMRAM 000006
i2___lwdiv                   text33       001ACE
i2___lwdiv@counter           cstackCOMRAM 000007
i2___lwdiv@dividend          cstackCOMRAM 000001
i2___lwdiv@divisor           cstackCOMRAM 000003
i2___lwdiv@quotient          cstackCOMRAM 000005
i2___lwmod                   text32       001C44
i2___lwmod@counter           cstackCOMRAM 00000C
i2___lwmod@dividend          cstackCOMRAM 000008
i2___lwmod@divisor           cstackCOMRAM 00000A
i2___wmul                    text31       001D0A
i2___wmul@multiplicand       cstackCOMRAM 000003
i2___wmul@multiplier         cstackCOMRAM 000001
i2___wmul@product            cstackCOMRAM 000005
i2_isdigit                   text30       001D74
i2_isdigit$944               cstackCOMRAM 000002
i2_lcdInst                   text34       001E08
i2_lcdNibble                 text35       001B6E
i2_printf                    text28       000C90
i2_putch                     text29       001DFC
i2_stopOperation             text25       0016AA
i2isdigit@c                  cstackCOMRAM 000003
i2lcdInst@data               cstackCOMRAM 000003
i2lcdNibble@data             cstackCOMRAM 000002
i2lcdNibble@temp             cstackCOMRAM 000001
i2printf@ap                  cstackCOMRAM 000014
i2printf@c                   cstackCOMRAM 00001C
i2printf@f                   cstackCOMRAM 00000D
i2printf@flag                cstackCOMRAM 000019
i2printf@idx                 cstackCOMRAM 000013
i2printf@prec                cstackCOMRAM 000016
i2printf@val                 cstackCOMRAM 000017
i2printf@width               cstackCOMRAM 00001A
i2putch@data                 cstackCOMRAM 000003
int$flags                    temp         00004F
int_func                     intcode_body 000F9C
intlevel0                    text         000000
intlevel1                    text         000000
intlevel2                    text         000000
intlevel3                    text         000000
isdigit@c                    cstackCOMRAM 000033
keypressed@i                 cstackCOMRAM 000020
keypressed@key               cstackCOMRAM 00001E
keypressed@left              cstackCOMRAM 00001F
keypressed@right             cstackCOMRAM 00001D
lcdInst@data                 cstackCOMRAM 000033
lcdNibble@data               cstackCOMRAM 000032
lcdNibble@temp               cstackCOMRAM 000031
main@i                       cstackBANK0  0000C5
main@i_583                   cstackBANK0  0000C6
main@i_630                   cstackBANK0  0000C7
main@i_632                   cstackBANK0  0000C8
main@i_636                   cstackBANK0  0000C9
main@steps                   cstackBANK0  0000CA
main@steps_605               cstackBANK0  0000CB
printf@ap                    cstackBANK0  0000B0
printf@c                     cstackBANK0  0000B8
printf@f                     cstackCOMRAM 00003D
printf@flag                  cstackBANK0  0000B5
printf@idx                   cstackBANK0  0000AF
printf@prec                  cstackBANK0  0000B2
printf@val                   cstackBANK0  0000B3
printf@width                 cstackBANK0  0000B6
putch@data                   cstackCOMRAM 000033
readADC@channel              cstackCOMRAM 000031
stackhi                      (abs)        000F7F
stacklo                      (abs)        0000CD
start                        init         00000E
start_initialization         cinit        001C86
testBatteries@volt1          cstackBANK0  0000B9
testBatteries@volt2          cstackBANK0  0000BD
testBatteries@volt3          cstackBANK0  0000BB
testBatteries@volt4          cstackBANK0  0000BF
testBatteries@volt5          cstackBANK0  0000C1
wait_2ms@x                   cstackCOMRAM 000031


FUNCTION INFORMATION:

 *************** function _main *****************
 Defined at:
		line 45 in file "../main.c"
 Parameters:    Size  Location     Type
		None
 Auto vars:     Size  Location     Type
  i               1   30[BANK0 ] unsigned char 
  i               1   29[BANK0 ] unsigned char 
  i               1   28[BANK0 ] unsigned char 
  steps           1   32[BANK0 ] unsigned char 
  steps           1   31[BANK0 ] unsigned char 
  i               1   27[BANK0 ] unsigned char 
  i               1   26[BANK0 ] unsigned char 
 Return value:  Size  Location     Type
                  1    wreg      void 
 Registers used:
		wreg, fsr2l, fsr2h, status,2, status,0, tblptrl, tblptrh, tblptru, prodl, prodh, cstack
 Tracked objects:
		On entry : 
		On exit  : 
		Unchanged: 
 Data sizes:     COMRAM   BANK0   BANK1   BANK2   BANK3   BANK4   BANK5   BANK6   BANK7   BANK8   BANK9  BANK10  BANK11  BANK12  BANK13  BANK14  BANK15
      Params:         0       0       0       0       0       0       0       0       0       0       0       0       0       0       0       0       0
      Locals:         0       7       0       0       0       0       0       0       0       0       0       0       0       0       0       0       0
      Temps:          0       2       0       0       0       0       0       0       0       0       0       0       0       0       0       0       0
      Totals:         0       9       0       0       0       0       0       0       0       0       0       0       0       0       0       0       0
Total ram usage:        9 bytes
 Hardware stack levels required when called:    9
 This function calls:
		_I2C_Master_Init
		_I2C_Master_Read
		_I2C_Master_Start
		_I2C_Master_Stop
		_I2C_Master_Write
		_initLCD
		_lcdInst
		_printf
		_readADC
		_stopOperation
		_testBatteries
		_wait_2ms
 This function is called by:
		Startup code after reset
 This function uses a non-reentrant model


 *************** function _wait_2ms *****************
 Defined at:
		line 565 in file "../main.c"
 Parameters:    Size  Location     Type
  x               2   48[COMRAM] unsigned int 
 Auto vars:     Size  Location     Type
		None
 Return value:  Size  Location     Type
                  1    wreg      void 
 Registers used:
		wreg, status,2, status,0
 Tracked objects:
		On entry : 
		On exit  : 
		Unchanged: 
 Data sizes:     COMRAM   BANK0   BANK1   BANK2   BANK3   BANK4   BANK5   BANK6   BANK7   BANK8   BANK9  BANK10  BANK11  BANK12  BANK13  BANK14  BANK15
      Params:         2       0       0       0       0       0       0       0       0       0       0       0       0       0       0       0       0
      Locals:         0       0       0       0       0       0       0       0       0       0       0       0       0       0       0       0       0
      Temps:          0       0       0       0       0       0       0       0       0       0       0       0       0       0       0       0       0
      Totals:         2       0       0       0       0       0       0       0       0       0       0       0       0       0       0       0       0
Total ram usage:        2 bytes
 Hardware stack levels used:    1
 Hardware stack levels required when called:    5
 This function calls:
		Nothing
 This function is called by:
		_main
 This function uses a non-reentrant model


 *************** function _testBatteries *****************
 Defined at:
		line 475 in file "../main.c"
 Parameters:    Size  Location     Type
		None
 Auto vars:     Size  Location     Type
  volt5           2   22[BANK0 ] unsigned int 
  volt4           2   20[BANK0 ] unsigned int 
  volt2           2   18[BANK0 ] unsigned int 
  volt3           2   16[BANK0 ] unsigned int 
  volt1           2   14[BANK0 ] unsigned int 
 Return value:  Size  Location     Type
                  1    wreg      void 
 Registers used:
		wreg, fsr2l, fsr2h, status,2, status,0, tblptrl, tblptrh, tblptru, prodl, prodh, cstack
 Tracked objects:
		On entry : 
		On exit  : 
		Unchanged: 
 Data sizes:     COMRAM   BANK0   BANK1   BANK2   BANK3   BANK4   BANK5   BANK6   BANK7   BANK8   BANK9  BANK10  BANK11  BANK12  BANK13  BANK14  BANK15
      Params:         0       0       0       0       0       0       0       0       0       0       0       0       0       0       0       0       0
      Locals:         0      10       0       0       0       0       0       0       0       0       0       0       0       0       0       0       0
      Temps:          2       0       0       0       0       0       0       0       0       0       0       0       0       0       0       0       0
      Totals:         2      10       0       0       0       0       0       0       0       0       0       0       0       0       0       0       0
Total ram usage:       12 bytes
 Hardware stack levels used:    1
 Hardware stack levels required when called:    8
 This function calls:
		_lcdInst
		_printf
		_readADC
 This function is called by:
		_main
 This function uses a non-reentrant model


 *************** function _readADC *****************
 Defined at:
		line 421 in file "../main.c"
 Parameters:    Size  Location     Type
  channel         1    wreg     unsigned char 
 Auto vars:     Size  Location     Type
  channel         1   48[COMRAM] unsigned char 
 Return value:  Size  Location     Type
                  1    wreg      void 
 Registers used:
		wreg, status,2, status,0
 Tracked objects:
		On entry : 
		On exit  : 
		Unchanged: 
 Data sizes:     COMRAM   BANK0   BANK1   BANK2   BANK3   BANK4   BANK5   BANK6   BANK7   BANK8   BANK9  BANK10  BANK11  BANK12  BANK13  BANK14  BANK15
      Params:         0       0       0       0       0       0       0       0       0       0       0       0       0       0       0       0       0
      Locals:         1       0       0       0       0       0       0       0       0       0       0       0       0       0       0       0       0
      Temps:          0       0       0       0       0       0       0       0       0       0       0       0       0       0       0       0       0
      Totals:         1       0       0       0       0       0       0       0       0       0       0       0       0       0       0       0       0
Total ram usage:        1 bytes
 Hardware stack levels used:    1
 Hardware stack levels required when called:    5
 This function calls:
		Nothing
 This function is called by:
		_main
		_testBatteries
 This function uses a non-reentrant model


 *************** function _printf *****************
 Defined at:
		line 464 in file "C:\Program Files (x86)\Microchip\xc8\v1.40\sources\common\doprnt.c"
 Parameters:    Size  Location     Type
  f               2   60[COMRAM] PTR const unsigned char 
		 -> STR_26(17), STR_25(15), STR_24(17), STR_23(23), 
		 -> STR_22(23), STR_21(23), STR_20(23), STR_19(17), 
		 -> STR_18(21), STR_17(17), STR_16(21), STR_15(17), 
		 -> STR_14(21), STR_13(17), STR_12(19), STR_11(17), 
		 -> STR_10(19), STR_9(17), STR_8(25), STR_7(17), 
		 -> STR_6(17), STR_5(17), STR_4(17), STR_3(17), 
		 -> STR_2(17), STR_1(17), 
 Auto vars:     Size  Location     Type
  idx             1    4[BANK0 ] unsigned char 
  tmpval          4    0        struct .
  cp              3    0        PTR const unsigned char 
  width           2   11[BANK0 ] int 
  val             2    8[BANK0 ] unsigned int 
  ap              2    5[BANK0 ] PTR void [1]
		 -> ?i2_printf(2), ?_printf(2), 
  len             2    0        unsigned int 
  c               1   13[BANK0 ] char 
  flag            1   10[BANK0 ] unsigned char 
  prec            1    7[BANK0 ] char 
 Return value:  Size  Location     Type
                  2   60[COMRAM] int 
 Registers used:
		wreg, fsr2l, fsr2h, status,2, status,0, tblptrl, tblptrh, tblptru, prodl, prodh, cstack
 Tracked objects:
		On entry : 
		On exit  : 
		Unchanged: 
 Data sizes:     COMRAM   BANK0   BANK1   BANK2   BANK3   BANK4   BANK5   BANK6   BANK7   BANK8   BANK9  BANK10  BANK11  BANK12  BANK13  BANK14  BANK15
      Params:         8       0       0       0       0       0       0       0       0       0       0       0       0       0       0       0       0
      Locals:         0      10       0       0       0       0       0       0       0       0       0       0       0       0       0       0       0
      Temps:          0       4       0       0       0       0       0       0       0       0       0       0       0       0       0       0       0
      Totals:         8      14       0       0       0       0       0       0       0       0       0       0       0       0       0       0       0
Total ram usage:       22 bytes
 Hardware stack levels used:    1
 Hardware stack levels required when called:    7
 This function calls:
		___lwdiv
		___lwmod
		___wmul
		_isdigit
		_putch
 This function is called by:
		_main
		_testBatteries
 This function uses a non-reentrant model


 *************** function _putch *****************
 Defined at:
		line 23 in file "../lcd.c"
 Parameters:    Size  Location     Type
  data            1    wreg     unsigned char 
 Auto vars:     Size  Location     Type
  data            1   50[COMRAM] unsigned char 
 Return value:  Size  Location     Type
                  1    wreg      void 
 Registers used:
		wreg, status,2, status,0, cstack
 Tracked objects:
		On entry : 
		On exit  : 
		Unchanged: 
 Data sizes:     COMRAM   BANK0   BANK1   BANK2   BANK3   BANK4   BANK5   BANK6   BANK7   BANK8   BANK9  BANK10  BANK11  BANK12  BANK13  BANK14  BANK15
      Params:         0       0       0       0       0       0       0       0       0       0       0       0       0       0       0       0       0
      Locals:         1       0       0       0       0       0       0       0       0       0       0       0       0       0       0       0       0
      Temps:          0       0       0       0       0       0       0       0       0       0       0       0       0       0       0       0       0
      Totals:         1       0       0       0       0       0       0       0       0       0       0       0       0       0       0       0       0
Total ram usage:        1 bytes
 Hardware stack levels used:    1
 Hardware stack levels required when called:    6
 This function calls:
		_lcdNibble
 This function is called by:
		_printf
 This function uses a non-reentrant model


 *************** function _isdigit *****************
 Defined at:
		line 8 in file "C:\Program Files (x86)\Microchip\xc8\v1.40\sources\common\isdigit.c"
 Parameters:    Size  Location     Type
  c               1    wreg     unsigned char 
 Auto vars:     Size  Location     Type
  c               1   50[COMRAM] unsigned char 
 Return value:  Size  Location     Type
		None               void
 Registers used:
		wreg, status,2, status,0
 Tracked objects:
		On entry : 
		On exit  : 
		Unchanged: 
 Data sizes:     COMRAM   BANK0   BANK1   BANK2   BANK3   BANK4   BANK5   BANK6   BANK7   BANK8   BANK9  BANK10  BANK11  BANK12  BANK13  BANK14  BANK15
      Params:         0       0       0       0       0       0       0       0       0       0       0       0       0       0       0       0       0
      Locals:         2       0       0       0       0       0       0       0       0       0       0       0       0       0       0       0       0
      Temps:          1       0       0       0       0       0       0       0       0       0       0       0       0       0       0       0       0
      Totals:         3       0       0       0       0       0       0       0       0       0       0       0       0       0       0       0       0
Total ram usage:        3 bytes
 Hardware stack levels used:    1
 Hardware stack levels required when called:    5
 This function calls:
		Nothing
 This function is called by:
		_printf
 This function uses a non-reentrant model


 *************** function ___wmul *****************
 Defined at:
		line 15 in file "C:\Program Files (x86)\Microchip\xc8\v1.40\sources\common\Umul16.c"
 Parameters:    Size  Location     Type
  multiplier      2   48[COMRAM] unsigned int 
  multiplicand    2   50[COMRAM] unsigned int 
 Auto vars:     Size  Location     Type
  product         2   52[COMRAM] unsigned int 
 Return value:  Size  Location     Type
                  2   48[COMRAM] unsigned int 
 Registers used:
		wreg, status,2, status,0, prodl, prodh
 Tracked objects:
		On entry : 
		On exit  : 
		Unchanged: 
 Data sizes:     COMRAM   BANK0   BANK1   BANK2   BANK3   BANK4   BANK5   BANK6   BANK7   BANK8   BANK9  BANK10  BANK11  BANK12  BANK13  BANK14  BANK15
      Params:         4       0       0       0       0       0       0       0       0       0       0       0       0       0       0       0       0
      Locals:         2       0       0       0       0       0       0       0       0       0       0       0       0       0       0       0       0
      Temps:          0       0       0       0       0       0       0       0       0       0       0       0       0       0       0       0       0
      Totals:         6       0       0       0       0       0       0       0       0       0       0       0       0       0       0       0       0
Total ram usage:        6 bytes
 Hardware stack levels used:    1
 Hardware stack levels required when called:    5
 This function calls:
		Nothing
 This function is called by:
		_printf
 This function uses a non-reentrant model


 *************** function ___lwmod *****************
 Defined at:
		line 8 in file "C:\Program Files (x86)\Microchip\xc8\v1.40\sources\common\lwmod.c"
 Parameters:    Size  Location     Type
  dividend        2   55[COMRAM] unsigned int 
  divisor         2   57[COMRAM] unsigned int 
 Auto vars:     Size  Location     Type
  counter         1   59[COMRAM] unsigned char 
 Return value:  Size  Location     Type
                  2   55[COMRAM] unsigned int 
 Registers used:
		wreg, status,2, status,0
 Tracked objects:
		On entry : 
		On exit  : 
		Unchanged: 
 Data sizes:     COMRAM   BANK0   BANK1   BANK2   BANK3   BANK4   BANK5   BANK6   BANK7   BANK8   BANK9  BANK10  BANK11  BANK12  BANK13  BANK14  BANK15
      Params:         4       0       0       0       0       0       0       0       0       0       0       0       0       0       0       0       0
      Locals:         1       0       0       0       0       0       0       0       0       0       0       0       0       0       0       0       0
      Temps:          0       0       0       0       0       0       0       0       0       0       0       0       0       0       0       0       0
      Totals:         5       0       0       0       0       0       0       0       0       0       0       0       0       0       0       0       0
Total ram usage:        5 bytes
 Hardware stack levels used:    1
 Hardware stack levels required when called:    5
 This function calls:
		Nothing
 This function is called by:
		_printf
 This function uses a non-reentrant model


 *************** function ___lwdiv *****************
 Defined at:
		line 8 in file "C:\Program Files (x86)\Microchip\xc8\v1.40\sources\common\lwdiv.c"
 Parameters:    Size  Location     Type
  dividend        2   48[COMRAM] unsigned int 
  divisor         2   50[COMRAM] unsigned int 
 Auto vars:     Size  Location     Type
  quotient        2   52[COMRAM] unsigned int 
  counter         1   54[COMRAM] unsigned char 
 Return value:  Size  Location     Type
                  2   48[COMRAM] unsigned int 
 Registers used:
		wreg, status,2, status,0
 Tracked objects:
		On entry : 
		On exit  : 
		Unchanged: 
 Data sizes:     COMRAM   BANK0   BANK1   BANK2   BANK3   BANK4   BANK5   BANK6   BANK7   BANK8   BANK9  BANK10  BANK11  BANK12  BANK13  BANK14  BANK15
      Params:         4       0       0       0       0       0       0       0       0       0       0       0       0       0       0       0       0
      Locals:         3       0       0       0       0       0       0       0       0       0       0       0       0       0       0       0       0
      Temps:          0       0       0       0       0       0       0       0       0       0       0       0       0       0       0       0       0
      Totals:         7       0       0       0       0       0       0       0       0       0       0       0       0       0       0       0       0
Total ram usage:        7 bytes
 Hardware stack levels used:    1
 Hardware stack levels required when called:    5
 This function calls:
		Nothing
 This function is called by:
		_printf
 This function uses a non-reentrant model


 *************** function _stopOperation *****************
 Defined at:
		line 429 in file "../main.c"
 Parameters:    Size  Location     Type
		None
 Auto vars:     Size  Location     Type
		None
 Return value:  Size  Location     Type
                  1    wreg      void 
 Registers used:
		wreg, status,2, status,0, cstack
 Tracked objects:
		On entry : 
		On exit  : 
		Unchanged: 
 Data sizes:     COMRAM   BANK0   BANK1   BANK2   BANK3   BANK4   BANK5   BANK6   BANK7   BANK8   BANK9  BANK10  BANK11  BANK12  BANK13  BANK14  BANK15
      Params:         0       0       0       0       0       0       0       0       0       0       0       0       0       0       0       0       0
      Locals:         0       0       0       0       0       0       0       0       0       0       0       0       0       0       0       0       0
      Temps:          0       0       0       0       0       0       0       0       0       0       0       0       0       0       0       0       0
      Totals:         0       0       0       0       0       0       0       0       0       0       0       0       0       0       0       0       0
Total ram usage:        0 bytes
 Hardware stack levels used:    1
 Hardware stack levels required when called:    6
 This function calls:
		___awdiv
		___awmod
 This function is called by:
		_main
 This function uses a non-reentrant model


 *************** function ___awmod *****************
 Defined at:
		line 8 in file "C:\Program Files (x86)\Microchip\xc8\v1.40\sources\common\awmod.c"
 Parameters:    Size  Location     Type
  dividend        2   48[COMRAM] int 
  divisor         2   50[COMRAM] int 
 Auto vars:     Size  Location     Type
  sign            1   53[COMRAM] unsigned char 
  counter         1   52[COMRAM] unsigned char 
 Return value:  Size  Location     Type
                  2   48[COMRAM] int 
 Registers used:
		wreg, status,2, status,0
 Tracked objects:
		On entry : 
		On exit  : 
		Unchanged: 
 Data sizes:     COMRAM   BANK0   BANK1   BANK2   BANK3   BANK4   BANK5   BANK6   BANK7   BANK8   BANK9  BANK10  BANK11  BANK12  BANK13  BANK14  BANK15
      Params:         4       0       0       0       0       0       0       0       0       0       0       0       0       0       0       0       0
      Locals:         2       0       0       0       0       0       0       0       0       0       0       0       0       0       0       0       0
      Temps:          0       0       0       0       0       0       0       0       0       0       0       0       0       0       0       0       0
      Totals:         6       0       0       0       0       0       0       0       0       0       0       0       0       0       0       0       0
Total ram usage:        6 bytes
 Hardware stack levels used:    1
 Hardware stack levels required when called:    5
 This function calls:
		Nothing
 This function is called by:
		_stopOperation
 This function uses a non-reentrant model


 *************** function ___awdiv *****************
 Defined at:
		line 8 in file "C:\Program Files (x86)\Microchip\xc8\v1.40\sources\common\awdiv.c"
 Parameters:    Size  Location     Type
  dividend        2   48[COMRAM] int 
  divisor         2   50[COMRAM] int 
 Auto vars:     Size  Location     Type
  quotient        2   54[COMRAM] int 
  sign            1   53[COMRAM] unsigned char 
  counter         1   52[COMRAM] unsigned char 
 Return value:  Size  Location     Type
                  2   48[COMRAM] int 
 Registers used:
		wreg, status,2, status,0
 Tracked objects:
		On entry : 
		On exit  : 
		Unchanged: 
 Data sizes:     COMRAM   BANK0   BANK1   BANK2   BANK3   BANK4   BANK5   BANK6   BANK7   BANK8   BANK9  BANK10  BANK11  BANK12  BANK13  BANK14  BANK15
      Params:         4       0       0       0       0       0       0       0       0       0       0       0       0       0       0       0       0
      Locals:         4       0       0       0       0       0       0       0       0       0       0       0       0       0       0       0       0
      Temps:          0       0       0       0       0       0       0       0       0       0       0       0       0       0       0       0       0
      Totals:         8       0       0       0       0       0       0       0       0       0       0       0       0       0       0       0       0
Total ram usage:        8 bytes
 Hardware stack levels used:    1
 Hardware stack levels required when called:    5
 This function calls:
		Nothing
 This function is called by:
		_stopOperation
 This function uses a non-reentrant model


 *************** function _initLCD *****************
 Defined at:
		line 7 in file "../lcd.c"
 Parameters:    Size  Location     Type
		None
 Auto vars:     Size  Location     Type
		None
 Return value:  Size  Location     Type
                  1    wreg      void 
 Registers used:
		wreg, status,2, status,0, cstack
 Tracked objects:
		On entry : 
		On exit  : 
		Unchanged: 
 Data sizes:     COMRAM   BANK0   BANK1   BANK2   BANK3   BANK4   BANK5   BANK6   BANK7   BANK8   BANK9  BANK10  BANK11  BANK12  BANK13  BANK14  BANK15
      Params:         0       0       0       0       0       0       0       0       0       0       0       0       0       0       0       0       0
      Locals:         0       0       0       0       0       0       0       0       0       0       0       0       0       0       0       0       0
      Temps:          1       0       0       0       0       0       0       0       0       0       0       0       0       0       0       0       0
      Totals:         1       0       0       0       0       0       0       0       0       0       0       0       0       0       0       0       0
Total ram usage:        1 bytes
 Hardware stack levels used:    1
 Hardware stack levels required when called:    7
 This function calls:
		_lcdInst
 This function is called by:
		_main
 This function uses a non-reentrant model


 *************** function _lcdInst *****************
 Defined at:
		line 18 in file "../lcd.c"
 Parameters:    Size  Location     Type
  data            1    wreg     unsigned char 
 Auto vars:     Size  Location     Type
  data            1   50[COMRAM] unsigned char 
 Return value:  Size  Location     Type
                  1    wreg      void 
 Registers used:
		wreg, status,2, status,0, cstack
 Tracked objects:
		On entry : 
		On exit  : 
		Unchanged: 
 Data sizes:     COMRAM   BANK0   BANK1   BANK2   BANK3   BANK4   BANK5   BANK6   BANK7   BANK8   BANK9  BANK10  BANK11  BANK12  BANK13  BANK14  BANK15
      Params:         0       0       0       0       0       0       0       0       0       0       0       0       0       0       0       0       0
      Locals:         1       0       0       0       0       0       0       0       0       0       0       0       0       0       0       0       0
      Temps:          0       0       0       0       0       0       0       0       0       0       0       0       0       0       0       0       0
      Totals:         1       0       0       0       0       0       0       0       0       0       0       0       0       0       0       0       0
Total ram usage:        1 bytes
 Hardware stack levels used:    1
 Hardware stack levels required when called:    6
 This function calls:
		_lcdNibble
 This function is called by:
		_initLCD
		_main
		_testBatteries
 This function uses a non-reentrant model


 *************** function _lcdNibble *****************
 Defined at:
		line 28 in file "../lcd.c"
 Parameters:    Size  Location     Type
  data            1    wreg     unsigned char 
 Auto vars:     Size  Location     Type
  data            1   49[COMRAM] unsigned char 
  temp            1   48[COMRAM] unsigned char 
 Return value:  Size  Location     Type
                  1    wreg      void 
 Registers used:
		wreg, status,2, status,0
 Tracked objects:
		On entry : 
		On exit  : 
		Unchanged: 
 Data sizes:     COMRAM   BANK0   BANK1   BANK2   BANK3   BANK4   BANK5   BANK6   BANK7   BANK8   BANK9  BANK10  BANK11  BANK12  BANK13  BANK14  BANK15
      Params:         0       0       0       0       0       0       0       0       0       0       0       0       0       0       0       0       0
      Locals:         2       0       0       0       0       0       0       0       0       0       0       0       0       0       0       0       0
      Temps:          0       0       0       0       0       0       0       0       0       0       0       0       0       0       0       0       0
      Totals:         2       0       0       0       0       0       0       0       0       0       0       0       0       0       0       0       0
Total ram usage:        2 bytes
 Hardware stack levels used:    1
 Hardware stack levels required when called:    5
 This function calls:
		Nothing
 This function is called by:
		_lcdInst
		_putch
 This function uses a non-reentrant model


 *************** function _I2C_Master_Write *****************
 Defined at:
		line 39 in file "../I2C.c"
 Parameters:    Size  Location     Type
  d               2   49[COMRAM] unsigned int 
 Auto vars:     Size  Location     Type
		None
 Return value:  Size  Location     Type
                  1    wreg      void 
 Registers used:
		wreg, status,2, status,0, cstack
 Tracked objects:
		On entry : 
		On exit  : 
		Unchanged: 
 Data sizes:     COMRAM   BANK0   BANK1   BANK2   BANK3   BANK4   BANK5   BANK6   BANK7   BANK8   BANK9  BANK10  BANK11  BANK12  BANK13  BANK14  BANK15
      Params:         2       0       0       0       0       0       0       0       0       0       0       0       0       0       0       0       0
      Locals:         0       0       0       0       0       0       0       0       0       0       0       0       0       0       0       0       0
      Temps:          0       0       0       0       0       0       0       0       0       0       0       0       0       0       0       0       0
      Totals:         2       0       0       0       0       0       0       0       0       0       0       0       0       0       0       0       0
Total ram usage:        2 bytes
 Hardware stack levels used:    1
 Hardware stack levels required when called:    6
 This function calls:
		_I2C_Master_Wait
 This function is called by:
		_main
 This function uses a non-reentrant model


 *************** function _I2C_Master_Stop *****************
 Defined at:
		line 33 in file "../I2C.c"
 Parameters:    Size  Location     Type
		None
 Auto vars:     Size  Location     Type
		None
 Return value:  Size  Location     Type
                  1    wreg      void 
 Registers used:
		wreg, status,2, status,0, cstack
 Tracked objects:
		On entry : 
		On exit  : 
		Unchanged: 
 Data sizes:     COMRAM   BANK0   BANK1   BANK2   BANK3   BANK4   BANK5   BANK6   BANK7   BANK8   BANK9  BANK10  BANK11  BANK12  BANK13  BANK14  BANK15
      Params:         0       0       0       0       0       0       0       0       0       0       0       0       0       0       0       0       0
      Locals:         0       0       0       0       0       0       0       0       0       0       0       0       0       0       0       0       0
      Temps:          0       0       0       0       0       0       0       0       0       0       0       0       0       0       0       0       0
      Totals:         0       0       0       0       0       0       0       0       0       0       0       0       0       0       0       0       0
Total ram usage:        0 bytes
 Hardware stack levels used:    1
 Hardware stack levels required when called:    6
 This function calls:
		_I2C_Master_Wait
 This function is called by:
		_main
 This function uses a non-reentrant model


 *************** function _I2C_Master_Start *****************
 Defined at:
		line 21 in file "../I2C.c"
 Parameters:    Size  Location     Type
		None
 Auto vars:     Size  Location     Type
		None
 Return value:  Size  Location     Type
                  1    wreg      void 
 Registers used:
		wreg, status,2, status,0, cstack
 Tracked objects:
		On entry : 
		On exit  : 
		Unchanged: 
 Data sizes:     COMRAM   BANK0   BANK1   BANK2   BANK3   BANK4   BANK5   BANK6   BANK7   BANK8   BANK9  BANK10  BANK11  BANK12  BANK13  BANK14  BANK15
      Params:         0       0       0       0       0       0       0       0       0       0       0       0       0       0       0       0       0
      Locals:         0       0       0       0       0       0       0       0       0       0       0       0       0       0       0       0       0
      Temps:          0       0       0       0       0       0       0       0       0       0       0       0       0       0       0       0       0
      Totals:         0       0       0       0       0       0       0       0       0       0       0       0       0       0       0       0       0
Total ram usage:        0 bytes
 Hardware stack levels used:    1
 Hardware stack levels required when called:    6
 This function calls:
		_I2C_Master_Wait
 This function is called by:
		_main
 This function uses a non-reentrant model


 *************** function _I2C_Master_Read *****************
 Defined at:
		line 45 in file "../I2C.c"
 Parameters:    Size  Location     Type
  a               1    wreg     unsigned char 
 Auto vars:     Size  Location     Type
  a               1   49[COMRAM] unsigned char 
  temp            1   50[COMRAM] unsigned char 
 Return value:  Size  Location     Type
                  1    wreg      unsigned char 
 Registers used:
		wreg, status,2, status,0, cstack
 Tracked objects:
		On entry : 
		On exit  : 
		Unchanged: 
 Data sizes:     COMRAM   BANK0   BANK1   BANK2   BANK3   BANK4   BANK5   BANK6   BANK7   BANK8   BANK9  BANK10  BANK11  BANK12  BANK13  BANK14  BANK15
      Params:         0       0       0       0       0       0       0       0       0       0       0       0       0       0       0       0       0
      Locals:         2       0       0       0       0       0       0       0       0       0       0       0       0       0       0       0       0
      Temps:          0       0       0       0       0       0       0       0       0       0       0       0       0       0       0       0       0
      Totals:         2       0       0       0       0       0       0       0       0       0       0       0       0       0       0       0       0
Total ram usage:        2 bytes
 Hardware stack levels used:    1
 Hardware stack levels required when called:    6
 This function calls:
		_I2C_Master_Wait
 This function is called by:
		_main
 This function uses a non-reentrant model


 *************** function _I2C_Master_Wait *****************
 Defined at:
		line 16 in file "../I2C.c"
 Parameters:    Size  Location     Type
		None
 Auto vars:     Size  Location     Type
		None
 Return value:  Size  Location     Type
                  1    wreg      void 
 Registers used:
		wreg, status,2, status,0
 Tracked objects:
		On entry : 
		On exit  : 
		Unchanged: 
 Data sizes:     COMRAM   BANK0   BANK1   BANK2   BANK3   BANK4   BANK5   BANK6   BANK7   BANK8   BANK9  BANK10  BANK11  BANK12  BANK13  BANK14  BANK15
      Params:         0       0       0       0       0       0       0       0       0       0       0       0       0       0       0       0       0
      Locals:         0       0       0       0       0       0       0       0       0       0       0       0       0       0       0       0       0
      Temps:          1       0       0       0       0       0       0       0       0       0       0       0       0       0       0       0       0
      Totals:         1       0       0       0       0       0       0       0       0       0       0       0       0       0       0       0       0
Total ram usage:        1 bytes
 Hardware stack levels used:    1
 Hardware stack levels required when called:    5
 This function calls:
		Nothing
 This function is called by:
		_I2C_Master_Start
		_I2C_Master_Stop
		_I2C_Master_Write
		_I2C_Master_Read
 This function uses a non-reentrant model


 *************** function _I2C_Master_Init *****************
 Defined at:
		line 5 in file "../I2C.c"
 Parameters:    Size  Location     Type
  c               4   61[COMRAM] const unsigned long 
 Auto vars:     Size  Location     Type
		None
[...]
 Hardware stack levels used:    1
 Hardware stack levels required when called:    1
 This function calls:
		i2_lcdNibble
 This function is called by:
		i2_printf
 This function uses a non-reentrant model


 *************** function i2_isdigit *****************
 Defined at:
		line 8 in file "C:\Program Files (x86)\Microchip\xc8\v1.40\sources\common\isdigit.c"
 Parameters:    Size  Location     Type
  c               1    wreg     unsigned char 
 Auto vars:     Size  Location     Type
  c               1    2[COMRAM] unsigned char 
 Return value:  Size  Location     Type
		None               void
 Registers used:
		wreg, status,2, status,0
 Tracked objects:
		On entry : 
		On exit  : 
		Unchanged: 
 Data sizes:     COMRAM   BANK0   BANK1   BANK2   BANK3   BANK4   BANK5   BANK6   BANK7   BANK8   BANK9  BANK10  BANK11  BANK12  BANK13  BANK14  BANK15
      Params:         0       0       0       0       0       0       0       0       0       0       0       0       0       0       0       0       0
      Locals:         2       0       0       0       0       0       0       0       0       0       0       0       0       0       0       0       0
      Temps:          1       0       0       0       0       0       0       0       0       0       0       0       0       0       0       0       0
      Totals:         3       0       0       0       0       0       0       0       0       0       0       0       0       0       0       0       0
Total ram usage:        3 bytes
 Hardware stack levels used:    1
 This function calls:
		Nothing
 This function is called by:
		i2_printf
 This function uses a non-reentrant model


 *************** function i2___wmul *****************
 Defined at:
		line 15 in file "C:\Program Files (x86)\Microchip\xc8\v1.40\sources\common\Umul16.c"
 Parameters:    Size  Location     Type
  multiplier      2    0[COMRAM] unsigned int 
  multiplicand    2    2[COMRAM] unsigned int 
 Auto vars:     Size  Location     Type
  __wmul          2    4[COMRAM] unsigned int 
 Return value:  Size  Location     Type
                  2    0[COMRAM] unsigned int 
 Registers used:
		wreg, status,2, status,0, prodl, prodh
 Tracked objects:
		On entry : 
		On exit  : 
		Unchanged: 
 Data sizes:     COMRAM   BANK0   BANK1   BANK2   BANK3   BANK4   BANK5   BANK6   BANK7   BANK8   BANK9  BANK10  BANK11  BANK12  BANK13  BANK14  BANK15
      Params:         4       0       0       0       0       0       0       0       0       0       0       0       0       0       0       0       0
      Locals:         2       0       0       0       0       0       0       0       0       0       0       0       0       0       0       0       0
      Temps:          0       0       0       0       0       0       0       0       0       0       0       0       0       0       0       0       0
      Totals:         6       0       0       0       0       0       0       0       0       0       0       0       0       0       0       0       0
Total ram usage:        6 bytes
 Hardware stack levels used:    1
 This function calls:
		Nothing
 This function is called by:
		i2_printf
 This function uses a non-reentrant model


 *************** function i2___lwmod *****************
 Defined at:
		line 8 in file "C:\Program Files (x86)\Microchip\xc8\v1.40\sources\common\lwmod.c"
 Parameters:    Size  Location     Type
  dividend        2    7[COMRAM] unsigned int 
  divisor         2    9[COMRAM] unsigned int 
 Auto vars:     Size  Location     Type
  __lwmod         1   11[COMRAM] unsigned char 
 Return value:  Size  Location     Type
                  2    7[COMRAM] unsigned int 
 Registers used:
		wreg, status,2, status,0
 Tracked objects:
		On entry : 
		On exit  : 
		Unchanged: 
 Data sizes:     COMRAM   BANK0   BANK1   BANK2   BANK3   BANK4   BANK5   BANK6   BANK7   BANK8   BANK9  BANK10  BANK11  BANK12  BANK13  BANK14  BANK15
      Params:         4       0       0       0       0       0       0       0       0       0       0       0       0       0       0       0       0
      Locals:         1       0       0       0       0       0       0       0       0       0       0       0       0       0       0       0       0
      Temps:          0       0       0       0       0       0       0       0       0       0       0       0       0       0       0       0       0
      Totals:         5       0       0       0       0       0       0       0       0       0       0       0       0       0       0       0       0
Total ram usage:        5 bytes
 Hardware stack levels used:    1
 This function calls:
		Nothing
 This function is called by:
		i2_printf
 This function uses a non-reentrant model


 *************** function i2___lwdiv *****************
 Defined at:
		line 8 in file "C:\Program Files (x86)\Microchip\xc8\v1.40\sources\common\lwdiv.c"
 Parameters:    Size  Location     Type
  dividend        2    0[COMRAM] unsigned int 
  divisor         2    2[COMRAM] unsigned int 
 Auto vars:     Size  Location     Type
  __lwdiv         2    4[COMRAM] unsigned int 
  __lwdiv         1    6[COMRAM] unsigned char 
 Return value:  Size  Location     Type
                  2    0[COMRAM] unsigned int 
 Registers used:
		wreg, status,2, status,0
 Tracked objects:
		On entry : 
		On exit  : 
		Unchanged: 
 Data sizes:     COMRAM   BANK0   BANK1   BANK2   BANK3   BANK4   BANK5   BANK6   BANK7   BANK8   BANK9  BANK10  BANK11  BANK12  BANK13  BANK14  BANK15
      Params:         4       0       0       0       0       0       0       0       0       0       0       0       0       0       0       0       0
      Locals:         3       0       0       0       0       0       0       0       0       0       0       0       0       0       0       0       0
      Temps:          0       0       0       0       0       0       0       0       0       0       0       0       0       0       0       0       0
      Totals:         7       0       0       0       0       0       0       0       0       0       0       0       0       0       0       0       0
Total ram usage:        7 bytes
 Hardware stack levels used:    1
 This function calls:
		Nothing
 This function is called by:
		i2_printf
 This function uses a non-reentrant model


 *************** function i2_lcdInst *****************
 Defined at:
		line 18 in file "../lcd.c"
 Parameters:    Size  Location     Type
  data            1    wreg     unsigned char 
 Auto vars:     Size  Location     Type
  data            1    2[COMRAM] unsigned char 
 Return value:  Size  Location     Type
                  1    wreg      void 
 Registers used:
		wreg, status,2, status,0, cstack
 Tracked objects:
		On entry : 
		On exit  : 
		Unchanged: 
 Data sizes:     COMRAM   BANK0   BANK1   BANK2   BANK3   BANK4   BANK5   BANK6   BANK7   BANK8   BANK9  BANK10  BANK11  BANK12  BANK13  BANK14  BANK15
      Params:         0       0       0       0       0       0       0       0       0       0       0       0       0       0       0       0       0
      Locals:         1       0       0       0       0       0       0       0       0       0       0       0       0       0       0       0       0
      Temps:          0       0       0       0       0       0       0       0       0       0       0       0       0       0       0       0       0
      Totals:         1       0       0       0       0       0       0       0       0       0       0       0       0       0       0       0       0
Total ram usage:        1 bytes
 Hardware stack levels used:    1
 Hardware stack levels required when called:    1
 This function calls:
		i2_lcdNibble
 This function is called by:
		_keypressed
 This function uses a non-reentrant model


 *************** function i2_lcdNibble *****************
 Defined at:
		line 28 in file "../lcd.c"
 Parameters:    Size  Location     Type
  data            1    wreg     unsigned char 
 Auto vars:     Size  Location     Type
  data            1    1[COMRAM] unsigned char 
  lcdNibble       1    0[COMRAM] unsigned char 
 Return value:  Size  Location     Type
                  1    wreg      void 
 Registers used:
		wreg, status,2, status,0
 Tracked objects:
		On entry : 
		On exit  : 
		Unchanged: 
 Data sizes:     COMRAM   BANK0   BANK1   BANK2   BANK3   BANK4   BANK5   BANK6   BANK7   BANK8   BANK9  BANK10  BANK11  BANK12  BANK13  BANK14  BANK15
      Params:         0       0       0       0       0       0       0       0       0       0       0       0       0       0       0       0       0
      Locals:         2       0       0       0       0       0       0       0       0       0       0       0       0       0       0       0       0
      Temps:          0       0       0       0       0       0       0       0       0       0       0       0       0       0       0       0       0
      Totals:         2       0       0       0       0       0       0       0       0       0       0       0       0       0       0       0       0
Total ram usage:        2 bytes
 Hardware stack levels used:    1
 This function calls:
		Nothing
 This function is called by:
		i2_lcdInst
		i2_putch
 This function uses a non-reentrant model


 *************** function i2_I2C_Master_Write *****************
 Defined at:
		line 39 in file "../I2C.c"
 Parameters:    Size  Location     Type
  d               2    1[COMRAM] unsigned int 
 Auto vars:     Size  Location     Type
		None
 Return value:  Size  Location     Type
                  1    wreg      void 
 Registers used:
		wreg, status,2, status,0, cstack
 Tracked objects:
		On entry : 
		On exit  : 
		Unchanged: 
 Data sizes:     COMRAM   BANK0   BANK1   BANK2   BANK3   BANK4   BANK5   BANK6   BANK7   BANK8   BANK9  BANK10  BANK11  BANK12  BANK13  BANK14  BANK15
      Params:         2       0       0       0       0       0       0       0       0       0       0       0       0       0       0       0       0
      Locals:         0       0       0       0       0       0       0       0       0       0       0       0       0       0       0       0       0
      Temps:          0       0       0       0       0       0       0       0       0       0       0       0       0       0       0       0       0
      Totals:         2       0       0       0       0       0       0       0       0       0       0       0       0       0       0       0       0
Total ram usage:        2 bytes
 Hardware stack levels used:    1
 Hardware stack levels required when called:    1
 This function calls:
		i2_I2C_Master_Wait
 This function is called by:
		_keypressed
 This function uses a non-reentrant model


 *************** function i2_I2C_Master_Stop *****************
 Defined at:
		line 33 in file "../I2C.c"
 Parameters:    Size  Location     Type
		None
 Auto vars:     Size  Location     Type
		None
 Return value:  Size  Location     Type
                  1    wreg      void 
 Registers used:
		wreg, status,2, status,0, cstack
 Tracked objects:
		On entry : 
		On exit  : 
		Unchanged: 
 Data sizes:     COMRAM   BANK0   BANK1   BANK2   BANK3   BANK4   BANK5   BANK6   BANK7   BANK8   BANK9  BANK10  BANK11  BANK12  BANK13  BANK14  BANK15
      Params:         0       0       0       0       0       0       0       0       0       0       0       0       0       0       0       0       0
      Locals:         0       0       0       0       0       0       0       0       0       0       0       0       0       0       0       0       0
      Temps:          0       0       0       0       0       0       0       0       0       0       0       0       0       0       0       0       0
      Totals:         0       0       0       0       0       0       0       0       0       0       0       0       0       0       0       0       0
Total ram usage:        0 bytes
 Hardware stack levels used:    1
 Hardware stack levels required when called:    1
 This function calls:
		i2_I2C_Master_Wait
 This function is called by:
		_keypressed
 This function uses a non-reentrant model


 *************** function i2_I2C_Master_Start *****************
 Defined at:
		line 21 in file "../I2C.c"
 Parameters:    Size  Location     Type
		None
 Auto vars:     Size  Location     Type
		None
 Return value:  Size  Location     Type
                  1    wreg      void 
 Registers used:
		wreg, status,2, status,0, cstack
 Tracked objects:
		On entry : 
		On exit  : 
		Unchanged: 
 Data sizes:     COMRAM   BANK0   BANK1   BANK2   BANK3   BANK4   BANK5   BANK6   BANK7   BANK8   BANK9  BANK10  BANK11  BANK12  BANK13  BANK14  BANK15
      Params:         0       0       0       0       0       0       0       0       0       0       0       0       0       0       0       0       0
      Locals:         0       0       0       0       0       0       0       0       0       0       0       0       0       0       0       0       0
      Temps:          0       0       0       0       0       0       0       0       0       0       0       0       0       0       0       0       0
      Totals:         0       0       0       0       0       0       0       0       0       0       0       0       0       0       0       0       0
Total ram usage:        0 bytes
 Hardware stack levels used:    1
 Hardware stack levels required when called:    1
 This function calls:
		i2_I2C_Master_Wait
 This function is called by:
		_keypressed
 This function uses a non-reentrant model


 *************** function i2_I2C_Master_Read *****************
 Defined at:
		line 45 in file "../I2C.c"
 Parameters:    Size  Location     Type
  a               1    wreg     unsigned char 
 Auto vars:     Size  Location     Type
  a               1    1[COMRAM] unsigned char 
  I2C_Master_R    1    2[COMRAM] unsigned char 
 Return value:  Size  Location     Type
                  1    wreg      unsigned char 
 Registers used:
		wreg, status,2, status,0, cstack
 Tracked objects:
		On entry : 
		On exit  : 
		Unchanged: 
 Data sizes:     COMRAM   BANK0   BANK1   BANK2   BANK3   BANK4   BANK5   BANK6   BANK7   BANK8   BANK9  BANK10  BANK11  BANK12  BANK13  BANK14  BANK15
      Params:         0       0       0       0       0       0       0       0       0       0       0       0       0       0       0       0       0
      Locals:         2       0       0       0       0       0       0       0       0       0       0       0       0       0       0       0       0
      Temps:          0       0       0       0       0       0       0       0       0       0       0       0       0       0       0       0       0
      Totals:         2       0       0       0       0       0       0       0       0       0       0       0       0       0       0       0       0
Total ram usage:        2 bytes
 Hardware stack levels used:    1
 Hardware stack levels required when called:    1
 This function calls:
		i2_I2C_Master_Wait
 This function is called by:
		_keypressed
 This function uses a non-reentrant model


 *************** function i2_I2C_Master_Wait *****************
 Defined at:
		line 16 in file "../I2C.c"
 Parameters:    Size  Location     Type
		None
 Auto vars:     Size  Location     Type
		None
 Return value:  Size  Location     Type
                  1    wreg      void 
 Registers used:
		wreg, status,2, status,0
 Tracked objects:
		On entry : 
		On exit  : 
		Unchanged: 
 Data sizes:     COMRAM   BANK0   BANK1   BANK2   BANK3   BANK4   BANK5   BANK6   BANK7   BANK8   BANK9  BANK10  BANK11  BANK12  BANK13  BANK14  BANK15
      Params:         0       0       0       0       0       0       0       0       0       0       0       0       0       0       0       0       0
      Locals:         0       0       0       0       0       0       0       0       0       0       0       0       0       0       0       0       0
      Temps:          1       0       0       0       0       0       0       0       0       0       0       0       0       0       0       0       0
      Totals:         1       0       0       0       0       0       0       0       0       0       0       0       0       0       0       0       0
Total ram usage:        1 bytes
 Hardware stack levels used:    1
 This function calls:
		Nothing
 This function is called by:
		i2_I2C_Master_Start
		i2_I2C_Master_Stop
		i2_I2C_Master_Write
		i2_I2C_Master_Read
 This function uses a non-reentrant model



MODULE INFORMATION

Module		Function		Class		Link	Load	Size
../main.c
		_testBatteries 		CODE           	123E	0000	593
		_ISR           		CODE           	0008	0000	681
		_main          		CODE           	0012	0000	2267
		_wait_2ms      		CODE           	1D92	0000	27
		_keypressed    		CODE           	159C	0000	271
		_readADC       		CODE           	1DAC	0000	21
		_stopOperation 		CODE           	148E	0000	271

../main.c estimated size: 4131

C:\Program Files (x86)\Microchip\xc8\v1.40\sources\common\doprnt.c
		_printf        		CODE           	08EC	0000	933

C:\Program Files (x86)\Microchip\xc8\v1.40\sources\common\doprnt.c estimated size: 933

../lcd.c
		_putch         		CODE           	1DE4	0000	13
		_lcdInst       		CODE           	1DF0	0000	13
		_lcdNibble     		CODE           	1B20	0000	79
		_initLCD       		CODE           	1BBC	0000	71

../lcd.c estimated size: 176

C:\Program Files (x86)\Microchip\xc8\v1.40\sources\common\Umul16.c
		___wmul        		CODE           	1CBE	0000	39

C:\Program Files (x86)\Microchip\xc8\v1.40\sources\common\Umul16.c estimated size: 39

C:\Program Files (x86)\Microchip\xc8\v1.40\sources\common\lwmod.c
		___lwmod       		CODE           	1C02	0000	67

C:\Program Files (x86)\Microchip\xc8\v1.40\sources\common\lwmod.c estimated size: 67

C:\Program Files (x86)\Microchip\xc8\v1.40\sources\common\awmod.c
		___awmod       		CODE           	1942	0000	113

C:\Program Files (x86)\Microchip\xc8\v1.40\sources\common\awmod.c estimated size: 113

C:\Program Files (x86)\Microchip\xc8\v1.40\sources\common\isdigit.c
		_isdigit       		CODE           	1D56	0000	31

C:\Program Files (x86)\Microchip\xc8\v1.40\sources\common\isdigit.c estimated size: 31

shared
		i2_printf      		CODE           	0C90	0000	781
		i2_I2C_Master_Start		CODE           	1E40	0000	9
		i2_putch       		CODE           	1DFC	0000	13
		i2_lcdNibble   		CODE           	1B6E	0000	79
		i2_stopOperation		CODE           	16AA	0000	271
		_dpowers       		MEDIUMCONST    	FE30	0000	11
		i2___lwdiv     		CODE           	1ACE	0000	83
		i2_isdigit     		CODE           	1D74	0000	31
		i2___awdiv     		CODE           	183C	0000	133
		i2___wmul      		CODE           	1D0A	0000	39
		i2_I2C_Master_Read		CODE           	1D30	0000	39
		i2___lwmod     		CODE           	1C44	0000	67
		_keys          		MEDIUMCONST    	FE1F	0000	18
		__initialization		CODE           	1C86	0000	43
		i2___awmod     		CODE           	19B2	0000	113
		i2_I2C_Master_Wait		CODE           	1DD2	0000	19
		_hexpowers     		MEDIUMCONST    	FE3A	0000	9
		i2_I2C_Master_Stop		CODE           	1E38	0000	9
		i2_lcdInst     		CODE           	1E08	0000	13
		i2_I2C_Master_Write		CODE           	1E1E	0000	11

shared estimated size: 1791

../I2C.c
		_I2C_Master_Read		CODE           	1CE4	0000	39
		_I2C_Master_Wait		CODE           	1DC0	0000	19
		_I2C_Master_Init		CODE           	1A22	0000	91
		_I2C_Master_Stop		CODE           	1E28	0000	9
		_I2C_Master_Write		CODE           	1E14	0000	11
		_I2C_Master_Start		CODE           	1E30	0000	9

../I2C.c estimated size: 178

C:\Program Files (x86)\Microchip\xc8\v1.40\sources\common\lwdiv.c
		___lwdiv       		CODE           	1A7C	0000	83

C:\Program Files (x86)\Microchip\xc8\v1.40\sources\common\lwdiv.c estimated size: 83

C:\Program Files (x86)\Microchip\xc8\v1.40\sources\common\awdiv.c
		___awdiv       		CODE           	17B8	0000	133

C:\Program Files (x86)\Microchip\xc8\v1.40\sources\common\awdiv.c estimated size: 133

C:\Program Files (x86)\Microchip\xc8\v1.40\sources\common\lldiv.c
		___lldiv       		CODE           	18C0	0000	131

C:\Program Files (x86)\Microchip\xc8\v1.40\sources\common\lldiv.c estimated size: 131

